::1 - - [08/Jul/2018:03:40:23 +0700] "OPTIONS * HTTP/1.0" 200 - "-" "Apache/2.4.6 (CentOS) OpenSSL/1.0.1e-fips mod_fcgid/2.3.9 PHP/5.4.16 mod_wsgi/3.4 Python/2.7.5 (internal dummy connection)"
::1 - - [08/Jul/2018:03:40:23 +0700] "OPTIONS * HTTP/1.0" 200 - "-" "Apache/2.4.6 (CentOS) OpenSSL/1.0.1e-fips mod_fcgid/2.3.9 PHP/5.4.16 mod_wsgi/3.4 Python/2.7.5 (internal dummy connection)"
::1 - - [08/Jul/2018:03:40:23 +0700] "OPTIONS * HTTP/1.0" 200 - "-" "Apache/2.4.6 (CentOS) OpenSSL/1.0.1e-fips mod_fcgid/2.3.9 PHP/5.4.16 mod_wsgi/3.4 Python/2.7.5 (internal dummy connection)"
::1 - - [08/Jul/2018:03:40:23 +0700] "OPTIONS * HTTP/1.0" 200 - "-" "Apache/2.4.6 (CentOS) OpenSSL/1.0.1e-fips mod_fcgid/2.3.9 PHP/5.4.16 mod_wsgi/3.4 Python/2.7.5 (internal dummy connection)"
::1 - - [08/Jul/2018:03:40:23 +0700] "OPTIONS * HTTP/1.0" 200 - "-" "Apache/2.4.6 (CentOS) OpenSSL/1.0.1e-fips mod_fcgid/2.3.9 PHP/5.4.16 mod_wsgi/3.4 Python/2.7.5 (internal dummy connection)"
::1 - - [08/Jul/2018:03:40:23 +0700] "OPTIONS * HTTP/1.0" 200 - "-" "Apache/2.4.6 (CentOS) OpenSSL/1.0.1e-fips mod_fcgid/2.3.9 PHP/5.4.16 mod_wsgi/3.4 Python/2.7.5 (internal dummy connection)"
::1 - - [08/Jul/2018:03:40:23 +0700] "OPTIONS * HTTP/1.0" 200 - "-" "Apache/2.4.6 (CentOS) OpenSSL/1.0.1e-fips mod_fcgid/2.3.9 PHP/5.4.16 mod_wsgi/3.4 Python/2.7.5 (internal dummy connection)"
::1 - - [08/Jul/2018:03:40:23 +0700] "OPTIONS * HTTP/1.0" 200 - "-" "Apache/2.4.6 (CentOS) OpenSSL/1.0.1e-fips mod_fcgid/2.3.9 PHP/5.4.16 mod_wsgi/3.4 Python/2.7.5 (internal dummy connection)"
::1 - - [08/Jul/2018:03:40:23 +0700] "OPTIONS * HTTP/1.0" 200 - "-" "Apache/2.4.6 (CentOS) OpenSSL/1.0.1e-fips mod_fcgid/2.3.9 PHP/5.4.16 mod_wsgi/3.4 Python/2.7.5 (internal dummy connection)"
::1 - - [08/Jul/2018:03:40:23 +0700] "OPTIONS * HTTP/1.0" 200 - "-" "Apache/2.4.6 (CentOS) OpenSSL/1.0.1e-fips mod_fcgid/2.3.9 PHP/5.4.16 mod_wsgi/3.4 Python/2.7.5 (internal dummy connection)"
::1 - - [08/Jul/2018:03:40:23 +0700] "OPTIONS * HTTP/1.0" 200 - "-" "Apache/2.4.6 (CentOS) OpenSSL/1.0.1e-fips mod_fcgid/2.3.9 PHP/5.4.16 mod_wsgi/3.4 Python/2.7.5 (internal dummy connection)"
::1 - - [08/Jul/2018:03:40:23 +0700] "OPTIONS * HTTP/1.0" 200 - "-" "Apache/2.4.6 (CentOS) OpenSSL/1.0.1e-fips mod_fcgid/2.3.9 PHP/5.4.16 mod_wsgi/3.4 Python/2.7.5 (internal dummy connection)"
::1 - - [08/Jul/2018:03:40:23 +0700] "OPTIONS * HTTP/1.0" 200 - "-" "Apache/2.4.6 (CentOS) OpenSSL/1.0.1e-fips mod_fcgid/2.3.9 PHP/5.4.16 mod_wsgi/3.4 Python/2.7.5 (internal dummy connection)"
::1 - - [08/Jul/2018:03:40:23 +0700] "OPTIONS * HTTP/1.0" 200 - "-" "Apache/2.4.6 (CentOS) OpenSSL/1.0.1e-fips mod_fcgid/2.3.9 PHP/5.4.16 mod_wsgi/3.4 Python/2.7.5 (internal dummy connection)"
::1 - - [08/Jul/2018:03:40:23 +0700] "OPTIONS * HTTP/1.0" 200 - "-" "Apache/2.4.6 (CentOS) OpenSSL/1.0.1e-fips mod_fcgid/2.3.9 PHP/5.4.16 mod_wsgi/3.4 Python/2.7.5 (internal dummy connection)"
::1 - - [08/Jul/2018:03:40:23 +0700] "OPTIONS * HTTP/1.0" 200 - "-" "Apache/2.4.6 (CentOS) OpenSSL/1.0.1e-fips mod_fcgid/2.3.9 PHP/5.4.16 mod_wsgi/3.4 Python/2.7.5 (internal dummy connection)"
::1 - - [08/Jul/2018:03:40:23 +0700] "OPTIONS * HTTP/1.0" 200 - "-" "Apache/2.4.6 (CentOS) OpenSSL/1.0.1e-fips mod_fcgid/2.3.9 PHP/5.4.16 mod_wsgi/3.4 Python/2.7.5 (internal dummy connection)"
::1 - - [08/Jul/2018:03:40:23 +0700] "OPTIONS * HTTP/1.0" 200 - "-" "Apache/2.4.6 (CentOS) OpenSSL/1.0.1e-fips mod_fcgid/2.3.9 PHP/5.4.16 mod_wsgi/3.4 Python/2.7.5 (internal dummy connection)"
::1 - - [08/Jul/2018:03:40:23 +0700] "OPTIONS * HTTP/1.0" 200 - "-" "Apache/2.4.6 (CentOS) OpenSSL/1.0.1e-fips mod_fcgid/2.3.9 PHP/5.4.16 mod_wsgi/3.4 Python/2.7.5 (internal dummy connection)"
::1 - - [08/Jul/2018:03:40:23 +0700] "OPTIONS * HTTP/1.0" 200 - "-" "Apache/2.4.6 (CentOS) OpenSSL/1.0.1e-fips mod_fcgid/2.3.9 PHP/5.4.16 mod_wsgi/3.4 Python/2.7.5 (internal dummy connection)"
::1 - - [08/Jul/2018:03:40:23 +0700] "OPTIONS * HTTP/1.0" 200 - "-" "Apache/2.4.6 (CentOS) OpenSSL/1.0.1e-fips mod_fcgid/2.3.9 PHP/5.4.16 mod_wsgi/3.4 Python/2.7.5 (internal dummy connection)"
::1 - - [08/Jul/2018:03:40:23 +0700] "OPTIONS * HTTP/1.0" 200 - "-" "Apache/2.4.6 (CentOS) OpenSSL/1.0.1e-fips mod_fcgid/2.3.9 PHP/5.4.16 mod_wsgi/3.4 Python/2.7.5 (internal dummy connection)"
::1 - - [08/Jul/2018:03:40:23 +0700] "OPTIONS * HTTP/1.0" 200 - "-" "Apache/2.4.6 (CentOS) OpenSSL/1.0.1e-fips mod_fcgid/2.3.9 PHP/5.4.16 mod_wsgi/3.4 Python/2.7.5 (internal dummy connection)"
::1 - - [08/Jul/2018:03:40:23 +0700] "OPTIONS * HTTP/1.0" 200 - "-" "Apache/2.4.6 (CentOS) OpenSSL/1.0.1e-fips mod_fcgid/2.3.9 PHP/5.4.16 mod_wsgi/3.4 Python/2.7.5 (internal dummy connection)"
::1 - - [08/Jul/2018:03:40:23 +0700] "OPTIONS * HTTP/1.0" 200 - "-" "Apache/2.4.6 (CentOS) OpenSSL/1.0.1e-fips mod_fcgid/2.3.9 PHP/5.4.16 mod_wsgi/3.4 Python/2.7.5 (internal dummy connection)"
::1 - - [08/Jul/2018:03:40:23 +0700] "OPTIONS * HTTP/1.0" 200 - "-" "Apache/2.4.6 (CentOS) OpenSSL/1.0.1e-fips mod_fcgid/2.3.9 PHP/5.4.16 mod_wsgi/3.4 Python/2.7.5 (internal dummy connection)"
::1 - - [08/Jul/2018:03:40:23 +0700] "OPTIONS * HTTP/1.0" 200 - "-" "Apache/2.4.6 (CentOS) OpenSSL/1.0.1e-fips mod_fcgid/2.3.9 PHP/5.4.16 mod_wsgi/3.4 Python/2.7.5 (internal dummy connection)"
::1 - - [08/Jul/2018:03:40:23 +0700] "OPTIONS * HTTP/1.0" 200 - "-" "Apache/2.4.6 (CentOS) OpenSSL/1.0.1e-fips mod_fcgid/2.3.9 PHP/5.4.16 mod_wsgi/3.4 Python/2.7.5 (internal dummy connection)"
::1 - - [08/Jul/2018:03:40:23 +0700] "OPTIONS * HTTP/1.0" 200 - "-" "Apache/2.4.6 (CentOS) OpenSSL/1.0.1e-fips mod_fcgid/2.3.9 PHP/5.4.16 mod_wsgi/3.4 Python/2.7.5 (internal dummy connection)"
::1 - - [08/Jul/2018:03:40:23 +0700] "OPTIONS * HTTP/1.0" 200 - "-" "Apache/2.4.6 (CentOS) OpenSSL/1.0.1e-fips mod_fcgid/2.3.9 PHP/5.4.16 mod_wsgi/3.4 Python/2.7.5 (internal dummy connection)"
::1 - - [08/Jul/2018:03:40:23 +0700] "OPTIONS * HTTP/1.0" 200 - "-" "Apache/2.4.6 (CentOS) OpenSSL/1.0.1e-fips mod_fcgid/2.3.9 PHP/5.4.16 mod_wsgi/3.4 Python/2.7.5 (internal dummy connection)"
::1 - - [08/Jul/2018:03:40:23 +0700] "OPTIONS * HTTP/1.0" 200 - "-" "Apache/2.4.6 (CentOS) OpenSSL/1.0.1e-fips mod_fcgid/2.3.9 PHP/5.4.16 mod_wsgi/3.4 Python/2.7.5 (internal dummy connection)"
::1 - - [08/Jul/2018:03:40:23 +0700] "OPTIONS * HTTP/1.0" 200 - "-" "Apache/2.4.6 (CentOS) OpenSSL/1.0.1e-fips mod_fcgid/2.3.9 PHP/5.4.16 mod_wsgi/3.4 Python/2.7.5 (internal dummy connection)"
::1 - - [08/Jul/2018:03:40:23 +0700] "OPTIONS * HTTP/1.0" 200 - "-" "Apache/2.4.6 (CentOS) OpenSSL/1.0.1e-fips mod_fcgid/2.3.9 PHP/5.4.16 mod_wsgi/3.4 Python/2.7.5 (internal dummy connection)"
127.0.0.1 - - [13/Jul/2018:13:06:58 +0700] "POST /wp-cron.php?doing_wp_cron=1531462018.1105859279632568359375 HTTP/1.0" 200 - "-" "WordPress/4.0.23; http://greek.spenlab.local"
127.0.0.1 - - [13/Jul/2018:13:06:58 +0700] "POST /wp-cron.php?doing_wp_cron=1531462017.6009109020233154296875 HTTP/1.0" 200 - "-" "WordPress/4.0.23; http://greek.spenlab.local"
127.0.0.1 - - [13/Jul/2018:13:07:16 +0700] "POST /wp-admin/upgrade.php?step=upgrade_db HTTP/1.0" 200 1 "-" "WordPress/4.0.23; http://greek.spenlab.local"
127.0.0.1 - - [13/Jul/2018:13:06:58 +0700] "POST /wp-cron.php?doing_wp_cron=1531462017.7932219505310058593750 HTTP/1.0" 200 - "-" "WordPress/4.0.23; http://greek.spenlab.local"
::1 - - [13/Jul/2018:13:07:23 +0700] "OPTIONS * HTTP/1.0" 200 - "-" "Apache/2.4.6 (CentOS) OpenSSL/1.0.1e-fips mod_fcgid/2.3.9 PHP/5.4.16 mod_wsgi/3.4 Python/2.7.5 (internal dummy connection)"
::1 - - [13/Jul/2018:13:12:52 +0700] "OPTIONS * HTTP/1.0" 200 - "-" "Apache/2.4.6 (CentOS) OpenSSL/1.0.1e-fips mod_fcgid/2.3.9 PHP/5.4.16 mod_wsgi/3.4 Python/2.7.5 (internal dummy connection)"
::1 - - [13/Jul/2018:13:12:57 +0700] "OPTIONS * HTTP/1.0" 200 - "-" "Apache/2.4.6 (CentOS) OpenSSL/1.0.1e-fips mod_fcgid/2.3.9 PHP/5.4.16 mod_wsgi/3.4 Python/2.7.5 (internal dummy connection)"
::1 - - [13/Jul/2018:13:13:00 +0700] "OPTIONS * HTTP/1.0" 200 - "-" "Apache/2.4.6 (CentOS) OpenSSL/1.0.1e-fips mod_fcgid/2.3.9 PHP/5.4.16 mod_wsgi/3.4 Python/2.7.5 (internal dummy connection)"
::1 - - [13/Jul/2018:13:13:01 +0700] "OPTIONS * HTTP/1.0" 200 - "-" "Apache/2.4.6 (CentOS) OpenSSL/1.0.1e-fips mod_fcgid/2.3.9 PHP/5.4.16 mod_wsgi/3.4 Python/2.7.5 (internal dummy connection)"
::1 - - [13/Jul/2018:13:13:02 +0700] "OPTIONS * HTTP/1.0" 200 - "-" "Apache/2.4.6 (CentOS) OpenSSL/1.0.1e-fips mod_fcgid/2.3.9 PHP/5.4.16 mod_wsgi/3.4 Python/2.7.5 (internal dummy connection)"
::1 - - [13/Jul/2018:13:13:03 +0700] "OPTIONS * HTTP/1.0" 200 - "-" "Apache/2.4.6 (CentOS) OpenSSL/1.0.1e-fips mod_fcgid/2.3.9 PHP/5.4.16 mod_wsgi/3.4 Python/2.7.5 (internal dummy connection)"
::1 - - [13/Jul/2018:13:13:04 +0700] "OPTIONS * HTTP/1.0" 200 - "-" "Apache/2.4.6 (CentOS) OpenSSL/1.0.1e-fips mod_fcgid/2.3.9 PHP/5.4.16 mod_wsgi/3.4 Python/2.7.5 (internal dummy connection)"
::1 - - [13/Jul/2018:13:13:05 +0700] "OPTIONS * HTTP/1.0" 200 - "-" "Apache/2.4.6 (CentOS) OpenSSL/1.0.1e-fips mod_fcgid/2.3.9 PHP/5.4.16 mod_wsgi/3.4 Python/2.7.5 (internal dummy connection)"
::1 - - [13/Jul/2018:13:13:06 +0700] "OPTIONS * HTTP/1.0" 200 - "-" "Apache/2.4.6 (CentOS) OpenSSL/1.0.1e-fips mod_fcgid/2.3.9 PHP/5.4.16 mod_wsgi/3.4 Python/2.7.5 (internal dummy connection)"
::1 - - [13/Jul/2018:13:13:07 +0700] "OPTIONS * HTTP/1.0" 200 - "-" "Apache/2.4.6 (CentOS) OpenSSL/1.0.1e-fips mod_fcgid/2.3.9 PHP/5.4.16 mod_wsgi/3.4 Python/2.7.5 (internal dummy connection)"
::1 - - [13/Jul/2018:13:13:08 +0700] "OPTIONS * HTTP/1.0" 200 - "-" "Apache/2.4.6 (CentOS) OpenSSL/1.0.1e-fips mod_fcgid/2.3.9 PHP/5.4.16 mod_wsgi/3.4 Python/2.7.5 (internal dummy connection)"
::1 - - [13/Jul/2018:13:13:17 +0700] "OPTIONS * HTTP/1.0" 200 - "-" "Apache/2.4.6 (CentOS) OpenSSL/1.0.1e-fips mod_fcgid/2.3.9 PHP/5.4.16 mod_wsgi/3.4 Python/2.7.5 (internal dummy connection)"
::1 - - [13/Jul/2018:13:13:18 +0700] "OPTIONS * HTTP/1.0" 200 - "-" "Apache/2.4.6 (CentOS) OpenSSL/1.0.1e-fips mod_fcgid/2.3.9 PHP/5.4.16 mod_wsgi/3.4 Python/2.7.5 (internal dummy connection)"
::1 - - [13/Jul/2018:13:13:19 +0700] "OPTIONS * HTTP/1.0" 200 - "-" "Apache/2.4.6 (CentOS) OpenSSL/1.0.1e-fips mod_fcgid/2.3.9 PHP/5.4.16 mod_wsgi/3.4 Python/2.7.5 (internal dummy connection)"
::1 - - [13/Jul/2018:13:13:20 +0700] "OPTIONS * HTTP/1.0" 200 - "-" "Apache/2.4.6 (CentOS) OpenSSL/1.0.1e-fips mod_fcgid/2.3.9 PHP/5.4.16 mod_wsgi/3.4 Python/2.7.5 (internal dummy connection)"
::1 - - [13/Jul/2018:13:13:21 +0700] "OPTIONS * HTTP/1.0" 200 - "-" "Apache/2.4.6 (CentOS) OpenSSL/1.0.1e-fips mod_fcgid/2.3.9 PHP/5.4.16 mod_wsgi/3.4 Python/2.7.5 (internal dummy connection)"
::1 - - [13/Jul/2018:13:13:22 +0700] "OPTIONS * HTTP/1.0" 200 - "-" "Apache/2.4.6 (CentOS) OpenSSL/1.0.1e-fips mod_fcgid/2.3.9 PHP/5.4.16 mod_wsgi/3.4 Python/2.7.5 (internal dummy connection)"
::1 - - [13/Jul/2018:13:13:23 +0700] "OPTIONS * HTTP/1.0" 200 - "-" "Apache/2.4.6 (CentOS) OpenSSL/1.0.1e-fips mod_fcgid/2.3.9 PHP/5.4.16 mod_wsgi/3.4 Python/2.7.5 (internal dummy connection)"
::1 - - [13/Jul/2018:13:17:26 +0700] "OPTIONS * HTTP/1.0" 200 - "-" "Apache/2.4.6 (CentOS) OpenSSL/1.0.1e-fips mod_fcgid/2.3.9 PHP/5.4.16 mod_wsgi/3.4 Python/2.7.5 (internal dummy connection)"
::1 - - [13/Jul/2018:13:17:27 +0700] "OPTIONS * HTTP/1.0" 200 - "-" "Apache/2.4.6 (CentOS) OpenSSL/1.0.1e-fips mod_fcgid/2.3.9 PHP/5.4.16 mod_wsgi/3.4 Python/2.7.5 (internal dummy connection)"
::1 - - [13/Jul/2018:13:17:28 +0700] "OPTIONS * HTTP/1.0" 200 - "-" "Apache/2.4.6 (CentOS) OpenSSL/1.0.1e-fips mod_fcgid/2.3.9 PHP/5.4.16 mod_wsgi/3.4 Python/2.7.5 (internal dummy connection)"
::1 - - [13/Jul/2018:13:17:29 +0700] "OPTIONS * HTTP/1.0" 200 - "-" "Apache/2.4.6 (CentOS) OpenSSL/1.0.1e-fips mod_fcgid/2.3.9 PHP/5.4.16 mod_wsgi/3.4 Python/2.7.5 (internal dummy connection)"
::1 - - [13/Jul/2018:13:17:30 +0700] "OPTIONS * HTTP/1.0" 200 - "-" "Apache/2.4.6 (CentOS) OpenSSL/1.0.1e-fips mod_fcgid/2.3.9 PHP/5.4.16 mod_wsgi/3.4 Python/2.7.5 (internal dummy connection)"
::1 - - [13/Jul/2018:13:17:31 +0700] "OPTIONS * HTTP/1.0" 200 - "-" "Apache/2.4.6 (CentOS) OpenSSL/1.0.1e-fips mod_fcgid/2.3.9 PHP/5.4.16 mod_wsgi/3.4 Python/2.7.5 (internal dummy connection)"
::1 - - [13/Jul/2018:13:17:32 +0700] "OPTIONS * HTTP/1.0" 200 - "-" "Apache/2.4.6 (CentOS) OpenSSL/1.0.1e-fips mod_fcgid/2.3.9 PHP/5.4.16 mod_wsgi/3.4 Python/2.7.5 (internal dummy connection)"
::1 - - [13/Jul/2018:13:17:33 +0700] "OPTIONS * HTTP/1.0" 200 - "-" "Apache/2.4.6 (CentOS) OpenSSL/1.0.1e-fips mod_fcgid/2.3.9 PHP/5.4.16 mod_wsgi/3.4 Python/2.7.5 (internal dummy connection)"
::1 - - [13/Jul/2018:13:17:34 +0700] "OPTIONS * HTTP/1.0" 200 - "-" "Apache/2.4.6 (CentOS) OpenSSL/1.0.1e-fips mod_fcgid/2.3.9 PHP/5.4.16 mod_wsgi/3.4 Python/2.7.5 (internal dummy connection)"
::1 - - [13/Jul/2018:13:17:35 +0700] "OPTIONS * HTTP/1.0" 200 - "-" "Apache/2.4.6 (CentOS) OpenSSL/1.0.1e-fips mod_fcgid/2.3.9 PHP/5.4.16 mod_wsgi/3.4 Python/2.7.5 (internal dummy connection)"
::1 - - [13/Jul/2018:13:17:36 +0700] "OPTIONS * HTTP/1.0" 200 - "-" "Apache/2.4.6 (CentOS) OpenSSL/1.0.1e-fips mod_fcgid/2.3.9 PHP/5.4.16 mod_wsgi/3.4 Python/2.7.5 (internal dummy connection)"
::1 - - [13/Jul/2018:13:17:37 +0700] "OPTIONS * HTTP/1.0" 200 - "-" "Apache/2.4.6 (CentOS) OpenSSL/1.0.1e-fips mod_fcgid/2.3.9 PHP/5.4.16 mod_wsgi/3.4 Python/2.7.5 (internal dummy connection)"
::1 - - [13/Jul/2018:13:17:38 +0700] "OPTIONS * HTTP/1.0" 200 - "-" "Apache/2.4.6 (CentOS) OpenSSL/1.0.1e-fips mod_fcgid/2.3.9 PHP/5.4.16 mod_wsgi/3.4 Python/2.7.5 (internal dummy connection)"
::1 - - [13/Jul/2018:13:17:39 +0700] "OPTIONS * HTTP/1.0" 200 - "-" "Apache/2.4.6 (CentOS) OpenSSL/1.0.1e-fips mod_fcgid/2.3.9 PHP/5.4.16 mod_wsgi/3.4 Python/2.7.5 (internal dummy connection)"
::1 - - [13/Jul/2018:13:17:40 +0700] "OPTIONS * HTTP/1.0" 200 - "-" "Apache/2.4.6 (CentOS) OpenSSL/1.0.1e-fips mod_fcgid/2.3.9 PHP/5.4.16 mod_wsgi/3.4 Python/2.7.5 (internal dummy connection)"
127.0.0.1 - - [13/Jul/2018:13:49:03 +0700] "POST /wp-cron.php?doing_wp_cron=1531464542.8599400520324707031250 HTTP/1.0" 200 - "-" "WordPress/4.0.24; http://greek.spenlab.local"
::1 - - [13/Jul/2018:13:52:28 +0700] "OPTIONS * HTTP/1.0" 200 - "-" "Apache/2.4.6 (CentOS) OpenSSL/1.0.1e-fips mod_fcgid/2.3.9 PHP/5.4.16 mod_wsgi/3.4 Python/2.7.5 (internal dummy connection)"
::1 - - [13/Jul/2018:13:52:29 +0700] "OPTIONS * HTTP/1.0" 200 - "-" "Apache/2.4.6 (CentOS) OpenSSL/1.0.1e-fips mod_fcgid/2.3.9 PHP/5.4.16 mod_wsgi/3.4 Python/2.7.5 (internal dummy connection)"
::1 - - [13/Jul/2018:13:52:30 +0700] "OPTIONS * HTTP/1.0" 200 - "-" "Apache/2.4.6 (CentOS) OpenSSL/1.0.1e-fips mod_fcgid/2.3.9 PHP/5.4.16 mod_wsgi/3.4 Python/2.7.5 (internal dummy connection)"
::1 - - [13/Jul/2018:13:52:37 +0700] "OPTIONS * HTTP/1.0" 200 - "-" "Apache/2.4.6 (CentOS) OpenSSL/1.0.1e-fips mod_fcgid/2.3.9 PHP/5.4.16 mod_wsgi/3.4 Python/2.7.5 (internal dummy connection)"
::1 - - [13/Jul/2018:13:53:12 +0700] "OPTIONS * HTTP/1.0" 200 - "-" "Apache/2.4.6 (CentOS) OpenSSL/1.0.1e-fips mod_fcgid/2.3.9 PHP/5.4.16 mod_wsgi/3.4 Python/2.7.5 (internal dummy connection)"
::1 - - [13/Jul/2018:13:53:13 +0700] "OPTIONS * HTTP/1.0" 200 - "-" "Apache/2.4.6 (CentOS) OpenSSL/1.0.1e-fips mod_fcgid/2.3.9 PHP/5.4.16 mod_wsgi/3.4 Python/2.7.5 (internal dummy connection)"
::1 - - [13/Jul/2018:13:53:14 +0700] "OPTIONS * HTTP/1.0" 200 - "-" "Apache/2.4.6 (CentOS) OpenSSL/1.0.1e-fips mod_fcgid/2.3.9 PHP/5.4.16 mod_wsgi/3.4 Python/2.7.5 (internal dummy connection)"
::1 - - [13/Jul/2018:13:53:15 +0700] "OPTIONS * HTTP/1.0" 200 - "-" "Apache/2.4.6 (CentOS) OpenSSL/1.0.1e-fips mod_fcgid/2.3.9 PHP/5.4.16 mod_wsgi/3.4 Python/2.7.5 (internal dummy connection)"
::1 - - [13/Jul/2018:13:53:16 +0700] "OPTIONS * HTTP/1.0" 200 - "-" "Apache/2.4.6 (CentOS) OpenSSL/1.0.1e-fips mod_fcgid/2.3.9 PHP/5.4.16 mod_wsgi/3.4 Python/2.7.5 (internal dummy connection)"
::1 - - [13/Jul/2018:13:53:18 +0700] "OPTIONS * HTTP/1.0" 200 - "-" "Apache/2.4.6 (CentOS) OpenSSL/1.0.1e-fips mod_fcgid/2.3.9 PHP/5.4.16 mod_wsgi/3.4 Python/2.7.5 (internal dummy connection)"
::1 - - [13/Jul/2018:13:53:34 +0700] "OPTIONS * HTTP/1.0" 200 - "-" "Apache/2.4.6 (CentOS) OpenSSL/1.0.1e-fips mod_fcgid/2.3.9 PHP/5.4.16 mod_wsgi/3.4 Python/2.7.5 (internal dummy connection)"
::1 - - [13/Jul/2018:13:53:35 +0700] "OPTIONS * HTTP/1.0" 200 - "-" "Apache/2.4.6 (CentOS) OpenSSL/1.0.1e-fips mod_fcgid/2.3.9 PHP/5.4.16 mod_wsgi/3.4 Python/2.7.5 (internal dummy connection)"
::1 - - [13/Jul/2018:13:53:36 +0700] "OPTIONS * HTTP/1.0" 200 - "-" "Apache/2.4.6 (CentOS) OpenSSL/1.0.1e-fips mod_fcgid/2.3.9 PHP/5.4.16 mod_wsgi/3.4 Python/2.7.5 (internal dummy connection)"
::1 - - [13/Jul/2018:13:53:43 +0700] "OPTIONS * HTTP/1.0" 200 - "-" "Apache/2.4.6 (CentOS) OpenSSL/1.0.1e-fips mod_fcgid/2.3.9 PHP/5.4.16 mod_wsgi/3.4 Python/2.7.5 (internal dummy connection)"
::1 - - [13/Jul/2018:13:53:44 +0700] "OPTIONS * HTTP/1.0" 200 - "-" "Apache/2.4.6 (CentOS) OpenSSL/1.0.1e-fips mod_fcgid/2.3.9 PHP/5.4.16 mod_wsgi/3.4 Python/2.7.5 (internal dummy connection)"
::1 - - [13/Jul/2018:13:53:48 +0700] "OPTIONS * HTTP/1.0" 200 - "-" "Apache/2.4.6 (CentOS) OpenSSL/1.0.1e-fips mod_fcgid/2.3.9 PHP/5.4.16 mod_wsgi/3.4 Python/2.7.5 (internal dummy connection)"
::1 - - [13/Jul/2018:13:53:49 +0700] "OPTIONS * HTTP/1.0" 200 - "-" "Apache/2.4.6 (CentOS) OpenSSL/1.0.1e-fips mod_fcgid/2.3.9 PHP/5.4.16 mod_wsgi/3.4 Python/2.7.5 (internal dummy connection)"
::1 - - [13/Jul/2018:13:53:50 +0700] "OPTIONS * HTTP/1.0" 200 - "-" "Apache/2.4.6 (CentOS) OpenSSL/1.0.1e-fips mod_fcgid/2.3.9 PHP/5.4.16 mod_wsgi/3.4 Python/2.7.5 (internal dummy connection)"
::1 - - [13/Jul/2018:13:53:51 +0700] "OPTIONS * HTTP/1.0" 200 - "-" "Apache/2.4.6 (CentOS) OpenSSL/1.0.1e-fips mod_fcgid/2.3.9 PHP/5.4.16 mod_wsgi/3.4 Python/2.7.5 (internal dummy connection)"
10.18.200.181 - - [13/Jul/2018:17:59:17 +0700] "GET / HTTP/1.1" 200 12512 "-" "Mozilla/5.0 (X11; Linux i686; rv:52.0) Gecko/20100101 Firefox/52.0"
127.0.0.1 - - [13/Jul/2018:17:59:28 +0700] "POST /wp-cron.php?doing_wp_cron=1531479567.5461540222167968750000 HTTP/1.0" 200 - "-" "WordPress/4.0.24; http://greek.spenlab.local"
::1 - - [16/Jul/2018:03:32:09 +0700] "OPTIONS * HTTP/1.0" 200 - "-" "Apache/2.4.6 (CentOS) OpenSSL/1.0.1e-fips mod_fcgid/2.3.9 PHP/5.4.16 mod_wsgi/3.4 Python/2.7.5 (internal dummy connection)"
::1 - - [16/Jul/2018:03:32:30 +0700] "OPTIONS * HTTP/1.0" 200 - "-" "Apache/2.4.6 (CentOS) OpenSSL/1.0.1e-fips mod_fcgid/2.3.9 PHP/5.4.16 mod_wsgi/3.4 Python/2.7.5 (internal dummy connection)"
::1 - - [16/Jul/2018:03:32:30 +0700] "OPTIONS * HTTP/1.0" 200 - "-" "Apache/2.4.6 (CentOS) OpenSSL/1.0.1e-fips mod_fcgid/2.3.9 PHP/5.4.16 mod_wsgi/3.4 Python/2.7.5 (internal dummy connection)"
::1 - - [16/Jul/2018:03:32:30 +0700] "OPTIONS * HTTP/1.0" 200 - "-" "Apache/2.4.6 (CentOS) OpenSSL/1.0.1e-fips mod_fcgid/2.3.9 PHP/5.4.16 mod_wsgi/3.4 Python/2.7.5 (internal dummy connection)"
::1 - - [16/Jul/2018:03:32:30 +0700] "OPTIONS * HTTP/1.0" 200 - "-" "Apache/2.4.6 (CentOS) OpenSSL/1.0.1e-fips mod_fcgid/2.3.9 PHP/5.4.16 mod_wsgi/3.4 Python/2.7.5 (internal dummy connection)"
::1 - - [16/Jul/2018:03:32:30 +0700] "OPTIONS * HTTP/1.0" 200 - "-" "Apache/2.4.6 (CentOS) OpenSSL/1.0.1e-fips mod_fcgid/2.3.9 PHP/5.4.16 mod_wsgi/3.4 Python/2.7.5 (internal dummy connection)"
::1 - - [16/Jul/2018:03:32:30 +0700] "OPTIONS * HTTP/1.0" 200 - "-" "Apache/2.4.6 (CentOS) OpenSSL/1.0.1e-fips mod_fcgid/2.3.9 PHP/5.4.16 mod_wsgi/3.4 Python/2.7.5 (internal dummy connection)"
::1 - - [16/Jul/2018:03:32:30 +0700] "OPTIONS * HTTP/1.0" 200 - "-" "Apache/2.4.6 (CentOS) OpenSSL/1.0.1e-fips mod_fcgid/2.3.9 PHP/5.4.16 mod_wsgi/3.4 Python/2.7.5 (internal dummy connection)"
::1 - - [16/Jul/2018:03:32:30 +0700] "OPTIONS * HTTP/1.0" 200 - "-" "Apache/2.4.6 (CentOS) OpenSSL/1.0.1e-fips mod_fcgid/2.3.9 PHP/5.4.16 mod_wsgi/3.4 Python/2.7.5 (internal dummy connection)"
::1 - - [16/Jul/2018:03:32:30 +0700] "OPTIONS * HTTP/1.0" 200 - "-" "Apache/2.4.6 (CentOS) OpenSSL/1.0.1e-fips mod_fcgid/2.3.9 PHP/5.4.16 mod_wsgi/3.4 Python/2.7.5 (internal dummy connection)"
::1 - - [16/Jul/2018:03:32:30 +0700] "OPTIONS * HTTP/1.0" 200 - "-" "Apache/2.4.6 (CentOS) OpenSSL/1.0.1e-fips mod_fcgid/2.3.9 PHP/5.4.16 mod_wsgi/3.4 Python/2.7.5 (internal dummy connection)"
::1 - - [16/Jul/2018:03:32:30 +0700] "OPTIONS * HTTP/1.0" 200 - "-" "Apache/2.4.6 (CentOS) OpenSSL/1.0.1e-fips mod_fcgid/2.3.9 PHP/5.4.16 mod_wsgi/3.4 Python/2.7.5 (internal dummy connection)"
::1 - - [16/Jul/2018:03:32:30 +0700] "OPTIONS * HTTP/1.0" 200 - "-" "Apache/2.4.6 (CentOS) OpenSSL/1.0.1e-fips mod_fcgid/2.3.9 PHP/5.4.16 mod_wsgi/3.4 Python/2.7.5 (internal dummy connection)"
::1 - - [16/Jul/2018:03:32:30 +0700] "OPTIONS * HTTP/1.0" 200 - "-" "Apache/2.4.6 (CentOS) OpenSSL/1.0.1e-fips mod_fcgid/2.3.9 PHP/5.4.16 mod_wsgi/3.4 Python/2.7.5 (internal dummy connection)"
::1 - - [16/Jul/2018:03:32:30 +0700] "OPTIONS * HTTP/1.0" 200 - "-" "Apache/2.4.6 (CentOS) OpenSSL/1.0.1e-fips mod_fcgid/2.3.9 PHP/5.4.16 mod_wsgi/3.4 Python/2.7.5 (internal dummy connection)"
::1 - - [16/Jul/2018:03:32:30 +0700] "OPTIONS * HTTP/1.0" 200 - "-" "Apache/2.4.6 (CentOS) OpenSSL/1.0.1e-fips mod_fcgid/2.3.9 PHP/5.4.16 mod_wsgi/3.4 Python/2.7.5 (internal dummy connection)"
::1 - - [16/Jul/2018:03:32:30 +0700] "OPTIONS * HTTP/1.0" 200 - "-" "Apache/2.4.6 (CentOS) OpenSSL/1.0.1e-fips mod_fcgid/2.3.9 PHP/5.4.16 mod_wsgi/3.4 Python/2.7.5 (internal dummy connection)"
::1 - - [16/Jul/2018:03:32:30 +0700] "OPTIONS * HTTP/1.0" 200 - "-" "Apache/2.4.6 (CentOS) OpenSSL/1.0.1e-fips mod_fcgid/2.3.9 PHP/5.4.16 mod_wsgi/3.4 Python/2.7.5 (internal dummy connection)"
::1 - - [16/Jul/2018:03:32:30 +0700] "OPTIONS * HTTP/1.0" 200 - "-" "Apache/2.4.6 (CentOS) OpenSSL/1.0.1e-fips mod_fcgid/2.3.9 PHP/5.4.16 mod_wsgi/3.4 Python/2.7.5 (internal dummy connection)"
::1 - - [16/Jul/2018:03:32:30 +0700] "OPTIONS * HTTP/1.0" 200 - "-" "Apache/2.4.6 (CentOS) OpenSSL/1.0.1e-fips mod_fcgid/2.3.9 PHP/5.4.16 mod_wsgi/3.4 Python/2.7.5 (internal dummy connection)"
::1 - - [16/Jul/2018:03:32:30 +0700] "OPTIONS * HTTP/1.0" 200 - "-" "Apache/2.4.6 (CentOS) OpenSSL/1.0.1e-fips mod_fcgid/2.3.9 PHP/5.4.16 mod_wsgi/3.4 Python/2.7.5 (internal dummy connection)"
::1 - - [16/Jul/2018:03:32:30 +0700] "OPTIONS * HTTP/1.0" 200 - "-" "Apache/2.4.6 (CentOS) OpenSSL/1.0.1e-fips mod_fcgid/2.3.9 PHP/5.4.16 mod_wsgi/3.4 Python/2.7.5 (internal dummy connection)"
::1 - - [16/Jul/2018:03:32:30 +0700] "OPTIONS * HTTP/1.0" 200 - "-" "Apache/2.4.6 (CentOS) OpenSSL/1.0.1e-fips mod_fcgid/2.3.9 PHP/5.4.16 mod_wsgi/3.4 Python/2.7.5 (internal dummy connection)"
::1 - - [16/Jul/2018:03:32:30 +0700] "OPTIONS * HTTP/1.0" 200 - "-" "Apache/2.4.6 (CentOS) OpenSSL/1.0.1e-fips mod_fcgid/2.3.9 PHP/5.4.16 mod_wsgi/3.4 Python/2.7.5 (internal dummy connection)"
10.18.200.26 - - [16/Jul/2018:11:00:27 +0700] "GET /robots.txt HTTP/1.1" 404 208 "-" "Mozilla/5.0 (Windows NT 10.0; Win64; x64) AppleWebKit/537.36 (KHTML, like Gecko) Chrome/63.0.3239.132 Safari/537.36"
10.18.200.26 - - [16/Jul/2018:11:00:27 +0700] "GET / HTTP/1.1" 200 12512 "-" "Mozilla/5.0 (Windows NT 10.0; Win64; x64) AppleWebKit/537.36 (KHTML, like Gecko) Chrome/63.0.3239.132 Safari/537.36"
127.0.0.1 - - [16/Jul/2018:11:00:36 +0700] "POST /wp-cron.php?doing_wp_cron=1531713636.1309049129486083984375 HTTP/1.0" 200 - "-" "WordPress/4.0.24; http://greek.spenlab.local"
10.18.200.26 - - [16/Jul/2018:11:01:34 +0700] "GET / HTTP/1.1" 200 12512 "-" "Mozilla/5.0 (Windows NT 10.0; Win64; x64) AppleWebKit/537.36 (KHTML, like Gecko) Chrome/63.0.3239.132 Safari/537.36"
10.18.200.26 - - [16/Jul/2018:11:01:37 +0700] "GET /wp-includes/js/jquery/jquery-migrate.min.js?ver=1.2.1 HTTP/1.1" 200 7200 "http://10.1.2.111/" "Mozilla/5.0 (Windows NT 10.0; Win64; x64) AppleWebKit/537.36 (KHTML, like Gecko) Chrome/63.0.3239.132 Safari/537.36"
10.18.200.26 - - [16/Jul/2018:11:01:37 +0700] "GET /wp-content/plugins/slideshow-gallery/css/colorbox.css?ver=1.3.19 HTTP/1.1" 200 4539 "http://10.1.2.111/" "Mozilla/5.0 (Windows NT 10.0; Win64; x64) AppleWebKit/537.36 (KHTML, like Gecko) Chrome/63.0.3239.132 Safari/537.36"
10.18.200.26 - - [16/Jul/2018:11:01:37 +0700] "GET /wp-content/plugins/slideshow-gallery/js/gallery.js?ver=1.0 HTTP/1.1" 200 6804 "http://10.1.2.111/" "Mozilla/5.0 (Windows NT 10.0; Win64; x64) AppleWebKit/537.36 (KHTML, like Gecko) Chrome/63.0.3239.132 Safari/537.36"
10.18.200.26 - - [16/Jul/2018:11:01:37 +0700] "GET /wp-content/themes/nu-white/js/navigation.js?ver=20120206 HTTP/1.1" 200 132 "http://10.1.2.111/" "Mozilla/5.0 (Windows NT 10.0; Win64; x64) AppleWebKit/537.36 (KHTML, like Gecko) Chrome/63.0.3239.132 Safari/537.36"
10.18.200.26 - - [16/Jul/2018:11:01:37 +0700] "GET /wp-content/plugins/slideshow-gallery/js/colorbox.js?ver=1.3.19 HTTP/1.1" 200 28444 "http://10.1.2.111/" "Mozilla/5.0 (Windows NT 10.0; Win64; x64) AppleWebKit/537.36 (KHTML, like Gecko) Chrome/63.0.3239.132 Safari/537.36"
10.18.200.26 - - [16/Jul/2018:11:01:37 +0700] "GET /wp-content/plugins/jetpack/css/jetpack.css?ver=3.2.1 HTTP/1.1" 200 52928 "http://10.1.2.111/" "Mozilla/5.0 (Windows NT 10.0; Win64; x64) AppleWebKit/537.36 (KHTML, like Gecko) Chrome/63.0.3239.132 Safari/537.36"
10.18.200.26 - - [16/Jul/2018:11:01:37 +0700] "GET /wp-content/themes/nu-white/style.css?ver=4.0.24 HTTP/1.1" 200 47066 "http://10.1.2.111/" "Mozilla/5.0 (Windows NT 10.0; Win64; x64) AppleWebKit/537.36 (KHTML, like Gecko) Chrome/63.0.3239.132 Safari/537.36"
10.18.200.26 - - [16/Jul/2018:11:01:37 +0700] "GET /wp-includes/js/jquery/jquery.js?ver=1.11.1 HTTP/1.1" 200 95807 "http://10.1.2.111/" "Mozilla/5.0 (Windows NT 10.0; Win64; x64) AppleWebKit/537.36 (KHTML, like Gecko) Chrome/63.0.3239.132 Safari/537.36"
10.18.200.26 - - [16/Jul/2018:11:01:38 +0700] "GET /wp-content/themes/nu-white/img/flat-social-icons/32px/Facebook-32.png HTTP/1.1" 200 4196 "http://greek.spenlab.local/wp-content/themes/nu-white/style.css?ver=4.0.24" "Mozilla/5.0 (Windows NT 10.0; Win64; x64) AppleWebKit/537.36 (KHTML, like Gecko) Chrome/63.0.3239.132 Safari/537.36"
10.18.200.26 - - [16/Jul/2018:11:01:38 +0700] "GET /wp-content/themes/nu-white/img/flat-social-icons/32px/Pinterest-32.png HTTP/1.1" 200 4196 "http://greek.spenlab.local/wp-content/themes/nu-white/style.css?ver=4.0.24" "Mozilla/5.0 (Windows NT 10.0; Win64; x64) AppleWebKit/537.36 (KHTML, like Gecko) Chrome/63.0.3239.132 Safari/537.36"
10.18.200.26 - - [16/Jul/2018:11:01:38 +0700] "GET /wp-content/themes/nu-white/img/flat-social-icons/32px/Twitter-32.png HTTP/1.1" 200 4196 "http://greek.spenlab.local/wp-content/themes/nu-white/style.css?ver=4.0.24" "Mozilla/5.0 (Windows NT 10.0; Win64; x64) AppleWebKit/537.36 (KHTML, like Gecko) Chrome/63.0.3239.132 Safari/537.36"
10.18.200.26 - - [16/Jul/2018:11:01:38 +0700] "GET /wp-content/themes/nu-white/img/flat-social-icons/32px/LinkedIn-32.png HTTP/1.1" 200 4196 "http://greek.spenlab.local/wp-content/themes/nu-white/style.css?ver=4.0.24" "Mozilla/5.0 (Windows NT 10.0; Win64; x64) AppleWebKit/537.36 (KHTML, like Gecko) Chrome/63.0.3239.132 Safari/537.36"
10.18.200.26 - - [16/Jul/2018:11:01:38 +0700] "GET /wp-content/plugins/slideshow-gallery/images/colorbox/overlay.png HTTP/1.1" 200 182 "http://greek.spenlab.local/wp-content/plugins/slideshow-gallery/css/colorbox.css?ver=1.3.19" "Mozilla/5.0 (Windows NT 10.0; Win64; x64) AppleWebKit/537.36 (KHTML, like Gecko) Chrome/63.0.3239.132 Safari/537.36"
10.18.200.26 - - [16/Jul/2018:11:01:38 +0700] "GET /favicon.ico HTTP/1.1" 404 209 "http://10.1.2.111/" "Mozilla/5.0 (Windows NT 10.0; Win64; x64) AppleWebKit/537.36 (KHTML, like Gecko) Chrome/63.0.3239.132 Safari/537.36"
::1 - - [16/Jul/2018:11:01:46 +0700] "OPTIONS * HTTP/1.0" 200 - "-" "Apache/2.4.6 (CentOS) OpenSSL/1.0.1e-fips mod_fcgid/2.3.9 PHP/5.4.16 mod_wsgi/3.4 Python/2.7.5 (internal dummy connection)"
::1 - - [16/Jul/2018:11:01:47 +0700] "OPTIONS * HTTP/1.0" 200 - "-" "Apache/2.4.6 (CentOS) OpenSSL/1.0.1e-fips mod_fcgid/2.3.9 PHP/5.4.16 mod_wsgi/3.4 Python/2.7.5 (internal dummy connection)"
10.18.200.26 - - [16/Jul/2018:11:01:50 +0700] "GET /robots.txt HTTP/1.1" 404 208 "-" "Mozilla/5.0 (Windows NT 10.0; Win64; x64) AppleWebKit/537.36 (KHTML, like Gecko) Chrome/63.0.3239.132 Safari/537.36"
10.18.200.26 - - [16/Jul/2018:11:01:50 +0700] "GET /?page_id=16 HTTP/1.1" 200 12358 "http://10.1.2.111/" "Mozilla/5.0 (Windows NT 10.0; Win64; x64) AppleWebKit/537.36 (KHTML, like Gecko) Chrome/63.0.3239.132 Safari/537.36"
10.18.200.26 - - [16/Jul/2018:11:01:57 +0700] "GET /wp-includes/js/comment-reply.min.js?ver=4.0.24 HTTP/1.1" 200 757 "http://greek.spenlab.local/?page_id=16" "Mozilla/5.0 (Windows NT 10.0; Win64; x64) AppleWebKit/537.36 (KHTML, like Gecko) Chrome/63.0.3239.132 Safari/537.36"
10.18.200.26 - - [16/Jul/2018:11:01:57 +0700] "GET /wp-content/plugins/akismet/_inc/form.js?ver=3.0.3 HTTP/1.1" 200 700 "http://greek.spenlab.local/?page_id=16" "Mozilla/5.0 (Windows NT 10.0; Win64; x64) AppleWebKit/537.36 (KHTML, like Gecko) Chrome/63.0.3239.132 Safari/537.36"
10.18.200.26 - - [16/Jul/2018:11:01:58 +0700] "GET /favicon.ico HTTP/1.1" 404 209 "http://greek.spenlab.local/?page_id=16" "Mozilla/5.0 (Windows NT 10.0; Win64; x64) AppleWebKit/537.36 (KHTML, like Gecko) Chrome/63.0.3239.132 Safari/537.36"
10.18.200.26 - - [16/Jul/2018:11:01:57 +0700] "GET /?p=14 HTTP/1.1" 200 14649 "http://10.1.2.111/" "Mozilla/5.0 (Windows NT 10.0; Win64; x64) AppleWebKit/537.36 (KHTML, like Gecko) Chrome/63.0.3239.132 Safari/537.36"
10.18.200.26 - - [16/Jul/2018:11:02:41 +0700] "GET /?page_id=12 HTTP/1.1" 200 12376 "http://greek.spenlab.local/?page_id=16" "Mozilla/5.0 (Windows NT 10.0; Win64; x64) AppleWebKit/537.36 (KHTML, like Gecko) Chrome/63.0.3239.132 Safari/537.36"
10.18.200.26 - - [16/Jul/2018:11:02:42 +0700] "GET /?page_id=12 HTTP/1.1" 200 12376 "-" "Mozilla/5.0 (Windows NT 10.0; Win64; x64) AppleWebKit/537.36 (KHTML, like Gecko) Chrome/63.0.3239.132 Safari/537.36"
10.18.200.26 - - [16/Jul/2018:11:02:47 +0700] "GET /?p=14 HTTP/1.1" 200 14649 "-" "Mozilla/5.0 (Windows NT 10.0; Win64; x64) AppleWebKit/537.36 (KHTML, like Gecko) Chrome/63.0.3239.132 Safari/537.36"
10.18.200.26 - - [16/Jul/2018:11:02:53 +0700] "GET /?author=1 HTTP/1.1" 200 12896 "http://greek.spenlab.local/?p=14" "Mozilla/5.0 (Windows NT 10.0; Win64; x64) AppleWebKit/537.36 (KHTML, like Gecko) Chrome/63.0.3239.132 Safari/537.36"
10.18.200.26 - - [16/Jul/2018:11:02:55 +0700] "GET / HTTP/1.1" 200 12512 "http://greek.spenlab.local/?page_id=12" "Mozilla/5.0 (Windows NT 10.0; Win64; x64) AppleWebKit/537.36 (KHTML, like Gecko) Chrome/63.0.3239.132 Safari/537.36"
10.18.200.26 - - [16/Jul/2018:11:03:53 +0700] "GET /?author=2 HTTP/1.1" 404 10757 "-" "Mozilla/5.0 (Windows NT 10.0; Win64; x64) AppleWebKit/537.36 (KHTML, like Gecko) Chrome/63.0.3239.132 Safari/537.36"
10.18.200.26 - - [16/Jul/2018:11:03:55 +0700] "GET /?author=2 HTTP/1.1" 404 10757 "-" "Mozilla/5.0 (Windows NT 10.0; Win64; x64) AppleWebKit/537.36 (KHTML, like Gecko) Chrome/63.0.3239.132 Safari/537.36"
10.18.200.26 - - [16/Jul/2018:11:03:59 +0700] "GET /wp-includes/images/smilies/icon_smile.gif HTTP/1.1" 200 174 "http://greek.spenlab.local/?author=2" "Mozilla/5.0 (Windows NT 10.0; Win64; x64) AppleWebKit/537.36 (KHTML, like Gecko) Chrome/63.0.3239.132 Safari/537.36"
10.18.200.26 - - [16/Jul/2018:11:03:57 +0700] "GET /?p=14 HTTP/1.1" 200 14648 "-" "Mozilla/5.0 (Windows NT 10.0; Win64; x64) AppleWebKit/537.36 (KHTML, like Gecko) Chrome/63.0.3239.132 Safari/537.36"
10.18.200.26 - - [16/Jul/2018:11:03:56 +0700] "GET /?p=14 HTTP/1.1" 200 14649 "-" "Mozilla/5.0 (Windows NT 10.0; Win64; x64) AppleWebKit/537.36 (KHTML, like Gecko) Chrome/63.0.3239.132 Safari/537.36"
10.18.200.26 - - [16/Jul/2018:11:04:54 +0700] "GET /?p=13 HTTP/1.1" 404 10757 "-" "Mozilla/5.0 (Windows NT 10.0; Win64; x64) AppleWebKit/537.36 (KHTML, like Gecko) Chrome/63.0.3239.132 Safari/537.36"
10.18.200.26 - - [16/Jul/2018:11:04:55 +0700] "GET /?author=1 HTTP/1.1" 200 12896 "-" "Mozilla/5.0 (Windows NT 10.0; Win64; x64) AppleWebKit/537.36 (KHTML, like Gecko) Chrome/63.0.3239.132 Safari/537.36"
10.18.200.26 - - [16/Jul/2018:11:05:14 +0700] "GET /?p=14%27 HTTP/1.1" 200 14652 "-" "Mozilla/5.0 (Windows NT 10.0; Win64; x64) AppleWebKit/537.36 (KHTML, like Gecko) Chrome/63.0.3239.132 Safari/537.36"
10.18.200.26 - - [16/Jul/2018:11:05:57 +0700] "POST /wp-comments-post.php HTTP/1.1" 302 - "http://greek.spenlab.local/?p=14%27" "Mozilla/5.0 (Windows NT 10.0; Win64; x64) AppleWebKit/537.36 (KHTML, like Gecko) Chrome/63.0.3239.132 Safari/537.36"
10.18.200.26 - - [16/Jul/2018:11:06:11 +0700] "GET /?p=14 HTTP/1.1" 200 16381 "http://greek.spenlab.local/?p=14%27" "Mozilla/5.0 (Windows NT 10.0; Win64; x64) AppleWebKit/537.36 (KHTML, like Gecko) Chrome/63.0.3239.132 Safari/537.36"
127.0.0.1 - - [16/Jul/2018:11:06:12 +0700] "POST /wp-cron.php?doing_wp_cron=1531713972.5185658931732177734375 HTTP/1.0" 200 - "-" "WordPress/4.0.24; http://greek.spenlab.local"
10.18.200.26 - - [16/Jul/2018:11:07:35 +0700] "POST /wp-comments-post.php HTTP/1.1" 500 2984 "http://greek.spenlab.local/?p=14" "Mozilla/5.0 (Windows NT 10.0; Win64; x64) AppleWebKit/537.36 (KHTML, like Gecko) Chrome/63.0.3239.132 Safari/537.36"
10.18.200.26 - - [16/Jul/2018:11:08:29 +0700] "GET /wp-comments-post.php HTTP/1.1" 405 - "-" "Mozilla/5.0 (Windows NT 10.0; Win64; x64) AppleWebKit/537.36 (KHTML, like Gecko) Chrome/63.0.3239.132 Safari/537.36"
10.18.200.26 - - [16/Jul/2018:12:01:04 +0700] "GET /robots.txt HTTP/1.1" 404 208 "-" "Mozilla/5.0 (Windows NT 10.0; Win64; x64) AppleWebKit/537.36 (KHTML, like Gecko) Chrome/63.0.3239.132 Safari/537.36"
10.18.200.26 - - [16/Jul/2018:12:01:19 +0700] "GET /robots.txt HTTP/1.1" 404 208 "-" "Mozilla/5.0 (Windows NT 10.0; Win64; x64) AppleWebKit/537.36 (KHTML, like Gecko) Chrome/63.0.3239.132 Safari/537.36"
10.18.200.26 - - [16/Jul/2018:12:01:21 +0700] "GET /robots.txt HTTP/1.1" 404 208 "-" "Mozilla/5.0 (Windows NT 10.0; Win64; x64) AppleWebKit/537.36 (KHTML, like Gecko) Chrome/63.0.3239.132 Safari/537.36"
10.18.200.26 - - [16/Jul/2018:12:01:04 +0700] "GET / HTTP/1.1" 500 251 "-" "Mozilla/5.0 (Windows NT 10.0; Win64; x64) AppleWebKit/537.36 (KHTML, like Gecko) Chrome/63.0.3239.132 Safari/537.36"
10.18.200.26 - - [16/Jul/2018:12:01:54 +0700] "GET /robots.txt HTTP/1.1" 404 208 "-" "Mozilla/5.0 (Windows NT 10.0; Win64; x64) AppleWebKit/537.36 (KHTML, like Gecko) Chrome/63.0.3239.132 Safari/537.36"
10.18.200.26 - - [16/Jul/2018:12:02:02 +0700] "GET /robots.txt HTTP/1.1" 404 208 "-" "Mozilla/5.0 (Windows NT 10.0; Win64; x64) AppleWebKit/537.36 (KHTML, like Gecko) Chrome/63.0.3239.132 Safari/537.36"
10.18.200.26 - - [16/Jul/2018:12:02:09 +0700] "GET /robots.txt HTTP/1.1" 404 208 "-" "Mozilla/5.0 (Windows NT 10.0; Win64; x64) AppleWebKit/537.36 (KHTML, like Gecko) Chrome/63.0.3239.132 Safari/537.36"
10.18.200.26 - - [16/Jul/2018:12:01:54 +0700] "GET / HTTP/1.1" 500 251 "-" "Mozilla/5.0 (Windows NT 10.0; Win64; x64) AppleWebKit/537.36 (KHTML, like Gecko) Chrome/63.0.3239.132 Safari/537.36"
10.18.200.26 - - [16/Jul/2018:12:01:19 +0700] "GET / HTTP/1.1" 500 251 "-" "Mozilla/5.0 (Windows NT 10.0; Win64; x64) AppleWebKit/537.36 (KHTML, like Gecko) Chrome/63.0.3239.132 Safari/537.36"
::1 - - [16/Jul/2018:12:02:21 +0700] "OPTIONS * HTTP/1.0" 200 - "-" "Apache/2.4.6 (CentOS) OpenSSL/1.0.1e-fips mod_fcgid/2.3.9 PHP/5.4.16 mod_wsgi/3.4 Python/2.7.5 (internal dummy connection)"
::1 - - [16/Jul/2018:12:02:21 +0700] "OPTIONS * HTTP/1.0" 200 - "-" "Apache/2.4.6 (CentOS) OpenSSL/1.0.1e-fips mod_fcgid/2.3.9 PHP/5.4.16 mod_wsgi/3.4 Python/2.7.5 (internal dummy connection)"
10.18.200.26 - - [16/Jul/2018:12:01:20 +0700] "GET / HTTP/1.1" 500 251 "-" "Mozilla/5.0 (Windows NT 10.0; Win64; x64) AppleWebKit/537.36 (KHTML, like Gecko) Chrome/63.0.3239.132 Safari/537.36"
::1 - - [16/Jul/2018:12:02:22 +0700] "OPTIONS * HTTP/1.0" 200 - "-" "Apache/2.4.6 (CentOS) OpenSSL/1.0.1e-fips mod_fcgid/2.3.9 PHP/5.4.16 mod_wsgi/3.4 Python/2.7.5 (internal dummy connection)"
::1 - - [16/Jul/2018:12:02:24 +0700] "OPTIONS * HTTP/1.0" 200 - "-" "Apache/2.4.6 (CentOS) OpenSSL/1.0.1e-fips mod_fcgid/2.3.9 PHP/5.4.16 mod_wsgi/3.4 Python/2.7.5 (internal dummy connection)"
10.18.200.26 - - [16/Jul/2018:12:01:16 +0700] "GET / HTTP/1.1" 500 251 "-" "Mozilla/5.0 (Windows NT 10.0; Win64; x64) AppleWebKit/537.36 (KHTML, like Gecko) Chrome/63.0.3239.132 Safari/537.36"
::1 - - [16/Jul/2018:12:02:24 +0700] "OPTIONS * HTTP/1.0" 200 - "-" "Apache/2.4.6 (CentOS) OpenSSL/1.0.1e-fips mod_fcgid/2.3.9 PHP/5.4.16 mod_wsgi/3.4 Python/2.7.5 (internal dummy connection)"
::1 - - [16/Jul/2018:12:02:25 +0700] "OPTIONS * HTTP/1.0" 200 - "-" "Apache/2.4.6 (CentOS) OpenSSL/1.0.1e-fips mod_fcgid/2.3.9 PHP/5.4.16 mod_wsgi/3.4 Python/2.7.5 (internal dummy connection)"
::1 - - [16/Jul/2018:12:02:33 +0700] "OPTIONS * HTTP/1.0" 200 - "-" "Apache/2.4.6 (CentOS) OpenSSL/1.0.1e-fips mod_fcgid/2.3.9 PHP/5.4.16 mod_wsgi/3.4 Python/2.7.5 (internal dummy connection)"
::1 - - [16/Jul/2018:12:02:54 +0700] "OPTIONS * HTTP/1.0" 200 - "-" "Apache/2.4.6 (CentOS) OpenSSL/1.0.1e-fips mod_fcgid/2.3.9 PHP/5.4.16 mod_wsgi/3.4 Python/2.7.5 (internal dummy connection)"
10.18.200.87 - - [21/Mar/2020:11:41:59 +0700] "GET /info.php HTTP/1.1" 200 52909 "-" "Mozilla/5.0 (X11; Linux x86_64; rv:60.0) Gecko/20100101 Firefox/60.0"
10.18.200.87 - - [21/Mar/2020:11:42:06 +0700] "GET /info.php?=PHPE9568F35-D428-11d2-A769-00AA001ACF42 HTTP/1.1" 200 2146 "http://10.1.2.111/info.php" "Mozilla/5.0 (X11; Linux x86_64; rv:60.0) Gecko/20100101 Firefox/60.0"
10.18.200.87 - - [21/Mar/2020:11:42:06 +0700] "GET /info.php?=PHPE9568F34-D428-11d2-A769-00AA001ACF42 HTTP/1.1" 200 2524 "http://10.1.2.111/info.php" "Mozilla/5.0 (X11; Linux x86_64; rv:60.0) Gecko/20100101 Firefox/60.0"
10.18.200.87 - - [21/Mar/2020:11:42:08 +0700] "GET /favicon.ico HTTP/1.1" 404 209 "-" "Mozilla/5.0 (X11; Linux x86_64; rv:60.0) Gecko/20100101 Firefox/60.0"
10.18.200.87 - - [21/Mar/2020:11:42:07 +0700] "GET /favicon.ico HTTP/1.1" 404 209 "-" "Mozilla/5.0 (X11; Linux x86_64; rv:60.0) Gecko/20100101 Firefox/60.0"
10.18.200.87 - - [21/Mar/2020:11:41:52 +0700] "GET / HTTP/1.1" 200 12513 "-" "Mozilla/5.0 (X11; Linux x86_64; rv:60.0) Gecko/20100101 Firefox/60.0"
10.18.200.87 - - [21/Mar/2020:11:42:19 +0700] "GET / HTTP/1.1" 200 12513 "-" "Mozilla/5.0 (X11; Linux x86_64; rv:60.0) Gecko/20100101 Firefox/60.0"
127.0.0.1 - - [21/Mar/2020:11:42:57 +0700] "POST /wp-cron.php?doing_wp_cron=1584765773.3983819484710693359375 HTTP/1.0" 200 - "-" "WordPress/4.0.24; http://greek.spenlab.local"
10.18.200.87 - - [21/Mar/2020:11:43:59 +0700] "GET / HTTP/1.1" 200 12513 "http://10.1.2.111/" "Mozilla/5.0 (X11; Linux x86_64; rv:60.0) Gecko/20100101 Firefox/60.0"
10.18.200.87 - - [21/Mar/2020:11:44:00 +0700] "GET / HTTP/1.1" 200 12513 "http://10.1.2.111/" "Mozilla/5.0 (X11; Linux x86_64; rv:60.0) Gecko/20100101 Firefox/60.0"
127.0.0.1 - - [21/Mar/2020:11:42:57 +0700] "POST /wp-cron.php?doing_wp_cron=1584765773.5557990074157714843750 HTTP/1.0" 200 - "-" "WordPress/4.0.24; http://greek.spenlab.local"
10.18.200.87 - - [21/Mar/2020:11:45:30 +0700] "GET /wp-admin/maint/repair.php HTTP/1.1" 200 1165 "-" "Mozilla/5.0 (X11; Linux x86_64; rv:60.0) Gecko/20100101 Firefox/60.0"
127.0.0.1 - - [21/Mar/2020:11:45:30 +0700] "POST /wp-cron.php?doing_wp_cron=1584765930.6219780445098876953125 HTTP/1.0" 200 - "-" "WordPress/4.0.24; http://greek.spenlab.local"
10.18.200.87 - - [21/Mar/2020:11:46:06 +0700] "GET /wp-admin/ HTTP/1.1" 302 - "-" "Mozilla/5.0 (X11; Linux x86_64; rv:60.0) Gecko/20100101 Firefox/60.0"
127.0.0.1 - - [21/Mar/2020:11:44:01 +0700] "POST /wp-cron.php?doing_wp_cron=1584765840.6611490249633789062500 HTTP/1.0" 200 - "-" "WordPress/4.0.24; http://greek.spenlab.local"
10.18.200.87 - - [21/Mar/2020:11:46:26 +0700] "GET /wp-admin/ HTTP/1.1" 302 - "-" "Mozilla/5.0 (X11; Linux x86_64; rv:60.0) Gecko/20100101 Firefox/60.0"
10.18.200.87 - - [21/Mar/2020:11:46:34 +0700] "GET /wp-content/ HTTP/1.1" 200 - "-" "Mozilla/5.0 (X11; Linux x86_64; rv:60.0) Gecko/20100101 Firefox/60.0"
10.18.200.87 - - [21/Mar/2020:11:46:46 +0700] "GET /wp-content/plugins/akismet/akismet.php HTTP/1.1" 200 69 "-" "Mozilla/5.0 (X11; Linux x86_64; rv:60.0) Gecko/20100101 Firefox/60.0"
10.18.200.87 - - [21/Mar/2020:11:58:39 +0700] "POST /xmlrpc.php HTTP/1.1" 200 181 "-" "Mozilla/4.0 (compatible; MSIE 6.0; Windows NT 5.1)"
10.18.200.87 - - [21/Mar/2020:11:59:38 +0700] "GET / HTTP/1.1" 200 12513 "-" "Mozilla/4.0 (compatible; MSIE 6.0; Windows NT 5.1)"
10.18.200.87 - - [21/Mar/2020:11:59:48 +0700] "HEAD / HTTP/1.1" 200 - "-" "Mozilla/4.0 (compatible; MSIE 6.0; Windows NT 5.1)"
10.18.200.87 - - [21/Mar/2020:11:59:54 +0700] "GET /?feed=rss2 HTTP/1.1" 200 4820 "-" "Mozilla/4.0 (compatible; MSIE 6.0; Windows NT 5.1)"
10.18.200.87 - - [21/Mar/2020:11:59:55 +0700] "POST http://greek.spenlab.local/xmlrpc.php HTTP/1.1" 200 370 "-" "Mozilla/4.0 (compatible; MSIE 6.0; Windows NT 5.1)"
10.18.200.87 - - [21/Mar/2020:12:03:38 +0700] "GET /wp-content/uploads/ HTTP/1.1" 200 1555 "-" "Mozilla/5.0 (X11; Linux x86_64; rv:60.0) Gecko/20100101 Firefox/60.0"
10.18.200.87 - - [21/Mar/2020:12:03:38 +0700] "GET /icons/back.gif HTTP/1.1" 200 216 "http://10.1.2.111/wp-content/uploads/" "Mozilla/5.0 (X11; Linux x86_64; rv:60.0) Gecko/20100101 Firefox/60.0"
10.18.200.87 - - [21/Mar/2020:12:03:38 +0700] "GET /icons/folder.gif HTTP/1.1" 200 225 "http://10.1.2.111/wp-content/uploads/" "Mozilla/5.0 (X11; Linux x86_64; rv:60.0) Gecko/20100101 Firefox/60.0"
10.18.200.87 - - [21/Mar/2020:12:03:38 +0700] "GET /icons/blank.gif HTTP/1.1" 200 148 "http://10.1.2.111/wp-content/uploads/" "Mozilla/5.0 (X11; Linux x86_64; rv:60.0) Gecko/20100101 Firefox/60.0"
10.18.200.87 - - [21/Mar/2020:12:03:54 +0700] "GET /wp-content/uploads/2014/ HTTP/1.1" 200 934 "http://10.1.2.111/wp-content/uploads/" "Mozilla/5.0 (X11; Linux x86_64; rv:60.0) Gecko/20100101 Firefox/60.0"
10.18.200.87 - - [21/Mar/2020:12:03:57 +0700] "GET /wp-content/uploads/2014/12/ HTTP/1.1" 200 1306 "http://10.1.2.111/wp-content/uploads/2014/" "Mozilla/5.0 (X11; Linux x86_64; rv:60.0) Gecko/20100101 Firefox/60.0"
10.18.200.87 - - [21/Mar/2020:12:03:57 +0700] "GET /icons/layout.gif HTTP/1.1" 200 276 "http://10.1.2.111/wp-content/uploads/2014/12/" "Mozilla/5.0 (X11; Linux x86_64; rv:60.0) Gecko/20100101 Firefox/60.0"
10.18.200.87 - - [21/Mar/2020:12:04:00 +0700] "GET /wp-content/uploads/2014/12/Robert-Graves-The-Greek-Myths-24grammata.com_.pdf HTTP/1.1" 206 65536 "http://10.1.2.111/wp-content/uploads/2014/12/" "Mozilla/5.0 (X11; Linux x86_64; rv:60.0) Gecko/20100101 Firefox/60.0"
10.18.200.87 - - [21/Mar/2020:12:04:00 +0700] "GET /wp-content/uploads/2014/12/Robert-Graves-The-Greek-Myths-24grammata.com_.pdf HTTP/1.1" 206 49709 "http://10.1.2.111/wp-content/uploads/2014/12/" "Mozilla/5.0 (X11; Linux x86_64; rv:60.0) Gecko/20100101 Firefox/60.0"
10.18.200.87 - - [21/Mar/2020:12:04:01 +0700] "GET /wp-content/uploads/2014/12/Robert-Graves-The-Greek-Myths-24grammata.com_.pdf HTTP/1.1" 206 65536 "http://10.1.2.111/wp-content/uploads/2014/12/" "Mozilla/5.0 (X11; Linux x86_64; rv:60.0) Gecko/20100101 Firefox/60.0"
10.18.200.87 - - [21/Mar/2020:12:04:01 +0700] "GET /wp-content/uploads/2014/12/c__documents_and_settings_huffinej_my_documents_microsoft_powerpoint_-_introduction_to_greek_mythology.pdf HTTP/1.1" 206 65536 "http://10.1.2.111/wp-content/uploads/2014/12/" "Mozilla/5.0 (X11; Linux x86_64; rv:60.0) Gecko/20100101 Firefox/60.0"
10.18.200.87 - - [21/Mar/2020:12:04:01 +0700] "GET /wp-content/uploads/2014/12/c__documents_and_settings_huffinej_my_documents_microsoft_powerpoint_-_introduction_to_greek_mythology.pdf HTTP/1.1" 206 2688 "http://10.1.2.111/wp-content/uploads/2014/12/" "Mozilla/5.0 (X11; Linux x86_64; rv:60.0) Gecko/20100101 Firefox/60.0"
10.18.200.87 - - [21/Mar/2020:12:04:01 +0700] "GET /wp-content/uploads/2014/12/c__documents_and_settings_huffinej_my_documents_microsoft_powerpoint_-_introduction_to_greek_mythology.pdf HTTP/1.1" 206 65536 "http://10.1.2.111/wp-content/uploads/2014/12/" "Mozilla/5.0 (X11; Linux x86_64; rv:60.0) Gecko/20100101 Firefox/60.0"
10.18.200.87 - - [21/Mar/2020:12:04:02 +0700] "GET /wp-content/uploads/2014/12/Robert-Graves-The-Greek-Myths-24grammata.com_.pdf HTTP/1.1" 206 65536 "http://10.1.2.111/wp-content/uploads/2014/12/" "Mozilla/5.0 (X11; Linux x86_64; rv:60.0) Gecko/20100101 Firefox/60.0"
10.18.200.87 - - [21/Mar/2020:12:04:02 +0700] "GET /wp-content/uploads/2014/12/Robert-Graves-The-Greek-Myths-24grammata.com_.pdf HTTP/1.1" 206 65536 "http://10.1.2.111/wp-content/uploads/2014/12/" "Mozilla/5.0 (X11; Linux x86_64; rv:60.0) Gecko/20100101 Firefox/60.0"
10.18.200.87 - - [21/Mar/2020:12:04:02 +0700] "GET /wp-content/uploads/2014/12/c__documents_and_settings_huffinej_my_documents_microsoft_powerpoint_-_introduction_to_greek_mythology.pdf HTTP/1.1" 206 131072 "http://10.1.2.111/wp-content/uploads/2014/12/" "Mozilla/5.0 (X11; Linux x86_64; rv:60.0) Gecko/20100101 Firefox/60.0"
10.18.200.87 - - [21/Mar/2020:12:04:03 +0700] "GET /wp-content/uploads/2014/12/Robert-Graves-The-Greek-Myths-24grammata.com_.pdf HTTP/1.1" 206 65536 "http://10.1.2.111/wp-content/uploads/2014/12/" "Mozilla/5.0 (X11; Linux x86_64; rv:60.0) Gecko/20100101 Firefox/60.0"
10.18.200.87 - - [21/Mar/2020:12:04:03 +0700] "GET /wp-content/uploads/2014/12/Robert-Graves-The-Greek-Myths-24grammata.com_.pdf HTTP/1.1" 206 65536 "http://10.1.2.111/wp-content/uploads/2014/12/" "Mozilla/5.0 (X11; Linux x86_64; rv:60.0) Gecko/20100101 Firefox/60.0"
10.18.200.87 - - [21/Mar/2020:12:04:05 +0700] "GET /wp-content/uploads/2014/12/Robert-Graves-The-Greek-Myths-24grammata.com_.pdf HTTP/1.1" 206 65536 "http://10.1.2.111/wp-content/uploads/2014/12/" "Mozilla/5.0 (X11; Linux x86_64; rv:60.0) Gecko/20100101 Firefox/60.0"
10.18.200.87 - - [21/Mar/2020:12:04:05 +0700] "GET /wp-content/uploads/2014/12/Robert-Graves-The-Greek-Myths-24grammata.com_.pdf HTTP/1.1" 206 65536 "http://10.1.2.111/wp-content/uploads/2014/12/" "Mozilla/5.0 (X11; Linux x86_64; rv:60.0) Gecko/20100101 Firefox/60.0"
10.18.200.87 - - [21/Mar/2020:12:04:05 +0700] "GET /wp-content/uploads/2014/12/Robert-Graves-The-Greek-Myths-24grammata.com_.pdf HTTP/1.1" 206 65536 "http://10.1.2.111/wp-content/uploads/2014/12/" "Mozilla/5.0 (X11; Linux x86_64; rv:60.0) Gecko/20100101 Firefox/60.0"
10.18.200.87 - - [21/Mar/2020:12:04:05 +0700] "GET /wp-content/uploads/2014/12/Robert-Graves-The-Greek-Myths-24grammata.com_.pdf HTTP/1.1" 206 65536 "http://10.1.2.111/wp-content/uploads/2014/12/" "Mozilla/5.0 (X11; Linux x86_64; rv:60.0) Gecko/20100101 Firefox/60.0"
10.18.200.87 - - [21/Mar/2020:12:04:06 +0700] "GET /wp-content/uploads/2014/12/Robert-Graves-The-Greek-Myths-24grammata.com_.pdf HTTP/1.1" 206 65536 "http://10.1.2.111/wp-content/uploads/2014/12/" "Mozilla/5.0 (X11; Linux x86_64; rv:60.0) Gecko/20100101 Firefox/60.0"
10.18.200.87 - - [21/Mar/2020:12:04:06 +0700] "GET /wp-content/uploads/2014/12/Robert-Graves-The-Greek-Myths-24grammata.com_.pdf HTTP/1.1" 206 65536 "http://10.1.2.111/wp-content/uploads/2014/12/" "Mozilla/5.0 (X11; Linux x86_64; rv:60.0) Gecko/20100101 Firefox/60.0"
10.18.200.87 - - [21/Mar/2020:12:04:05 +0700] "GET /wp-content/uploads/2014/12/Robert-Graves-The-Greek-Myths-24grammata.com_.pdf HTTP/1.1" 206 65536 "http://10.1.2.111/wp-content/uploads/2014/12/" "Mozilla/5.0 (X11; Linux x86_64; rv:60.0) Gecko/20100101 Firefox/60.0"
10.18.200.87 - - [21/Mar/2020:12:04:06 +0700] "GET /wp-content/uploads/2014/12/Robert-Graves-The-Greek-Myths-24grammata.com_.pdf HTTP/1.1" 206 65536 "http://10.1.2.111/wp-content/uploads/2014/12/" "Mozilla/5.0 (X11; Linux x86_64; rv:60.0) Gecko/20100101 Firefox/60.0"
10.18.200.87 - - [21/Mar/2020:12:04:00 +0700] "GET /wp-content/uploads/2014/12/c__documents_and_settings_huffinej_my_documents_microsoft_powerpoint_-_introduction_to_greek_mythology.pdf HTTP/1.1" 200 1313408 "http://10.1.2.111/wp-content/uploads/2014/12/" "Mozilla/5.0 (X11; Linux x86_64; rv:60.0) Gecko/20100101 Firefox/60.0"
10.18.200.87 - - [21/Mar/2020:12:03:59 +0700] "GET /wp-content/uploads/2014/12/Robert-Graves-The-Greek-Myths-24grammata.com_.pdf HTTP/1.1" 200 2146861 "http://10.1.2.111/wp-content/uploads/2014/12/" "Mozilla/5.0 (X11; Linux x86_64; rv:60.0) Gecko/20100101 Firefox/60.0"
::1 - - [21/Mar/2020:12:04:14 +0700] "OPTIONS * HTTP/1.0" 200 - "-" "Apache/2.4.6 (CentOS) OpenSSL/1.0.1e-fips mod_fcgid/2.3.9 PHP/5.4.16 mod_wsgi/3.4 Python/2.7.5 (internal dummy connection)"
10.18.200.87 - - [21/Mar/2020:12:04:41 +0700] "GET /wp-content/uploads/2014/ HTTP/1.1" 200 934 "http://10.1.2.111/wp-content/uploads/2014/12/" "Mozilla/5.0 (X11; Linux x86_64; rv:60.0) Gecko/20100101 Firefox/60.0"
10.18.200.87 - - [21/Mar/2020:12:04:42 +0700] "GET /wp-content/uploads/ HTTP/1.1" 200 1555 "http://10.1.2.111/wp-content/uploads/2014/" "Mozilla/5.0 (X11; Linux x86_64; rv:60.0) Gecko/20100101 Firefox/60.0"
10.18.200.87 - - [21/Mar/2020:12:04:43 +0700] "GET /wp-content/uploads/2018/ HTTP/1.1" 200 1140 "http://10.1.2.111/wp-content/uploads/" "Mozilla/5.0 (X11; Linux x86_64; rv:60.0) Gecko/20100101 Firefox/60.0"
10.18.200.87 - - [21/Mar/2020:12:04:44 +0700] "GET /wp-content/uploads/2018/04/ HTTP/1.1" 200 739 "http://10.1.2.111/wp-content/uploads/2018/" "Mozilla/5.0 (X11; Linux x86_64; rv:60.0) Gecko/20100101 Firefox/60.0"
10.18.200.87 - - [21/Mar/2020:12:04:45 +0700] "GET /wp-content/uploads/2018/ HTTP/1.1" 200 1140 "http://10.1.2.111/wp-content/uploads/2018/04/" "Mozilla/5.0 (X11; Linux x86_64; rv:60.0) Gecko/20100101 Firefox/60.0"
10.18.200.87 - - [21/Mar/2020:12:04:46 +0700] "GET /wp-content/uploads/2018/07/ HTTP/1.1" 200 739 "http://10.1.2.111/wp-content/uploads/2018/" "Mozilla/5.0 (X11; Linux x86_64; rv:60.0) Gecko/20100101 Firefox/60.0"
10.18.200.87 - - [21/Mar/2020:12:04:46 +0700] "GET /wp-content/uploads/2018/ HTTP/1.1" 200 1140 "http://10.1.2.111/wp-content/uploads/2018/07/" "Mozilla/5.0 (X11; Linux x86_64; rv:60.0) Gecko/20100101 Firefox/60.0"
10.18.200.87 - - [21/Mar/2020:12:04:47 +0700] "GET /wp-content/uploads/ HTTP/1.1" 200 1555 "http://10.1.2.111/wp-content/uploads/2018/" "Mozilla/5.0 (X11; Linux x86_64; rv:60.0) Gecko/20100101 Firefox/60.0"
